[2026-07-14 15:11:50] 📝 런타임 로그 파일: logs/drone_referee_runtime.log
[2026-07-14 15:11:50] 💡 터미널에서 Enter 키를 누르면 재위치 모드 ON/OFF 전환
[2026-07-14 15:11:50] 🔍 모델 로딩 중...
[2026-07-14 15:11:50] 🔍 모델 로딩 중: model/best_referee_FP16.engine
[2026-07-14 15:11:50] ✅ 모델 로딩 완료
[2026-07-14 15:11:50] ✅ 모델 로딩 완료
[2026-07-14 15:11:50] 
[2026-07-14 15:11:50] 📡 스트림 모드 입력: https://www.youtube.com/live/8arb_a5Z4KQ
[2026-07-14 15:11:50]    종료: Ctrl+C
[2026-07-14 15:11:50] 
[2026-07-14 15:11:50]   🔍 yt-dlp로 유튜브 스트림 URL 추출 중...
[2026-07-14 15:11:52]   ✅ 스트림 URL 추출 완료
[2026-07-14 15:11:52] 
[2026-07-14 15:11:54]   ⏳ 입력 스트림 연결 실패, 재시도 중... (1/10)
[2026-07-14 15:11:58]   ⏳ 입력 스트림 연결 실패, 재시도 중... (2/10)
[2026-07-14 15:12:02]   ⏳ 입력 스트림 연결 실패, 재시도 중... (3/10)
[2026-07-14 15:12:04] 
[2026-07-14 15:12:04] [시그널] SIGINT(2) 수신
[2026-07-14 15:12:04] 
[2026-07-14 15:12:04] [종료 기록] signal SIGINT(2)
[2026-07-14 15:12:42] 📝 런타임 로그 파일: logs/drone_referee_runtime.log
[2026-07-14 15:12:42] 💡 터미널에서 Enter 키를 누르면 재위치 모드 ON/OFF 전환
[2026-07-14 15:12:42] 🔍 모델 로딩 중...
[2026-07-14 15:12:42] 🔍 모델 로딩 중: model/best_referee_FP16.engine
[2026-07-14 15:12:42] ✅ 모델 로딩 완료
[2026-07-14 15:12:42] ✅ 모델 로딩 완료
[2026-07-14 15:12:42] 
[2026-07-14 15:12:42] 📡 스트림 모드 입력: https://www.youtube.com/live/8arb_a5Z4KQ?si=dEWHxeRoSHoj3NfL
[2026-07-14 15:12:42]    종료: Ctrl+C
[2026-07-14 15:12:42] 
[2026-07-14 15:12:42]   🔍 yt-dlp로 유튜브 스트림 URL 추출 중...
[2026-07-14 15:12:44]   ✅ 스트림 URL 추출 완료
[2026-07-14 15:12:44] 
[2026-07-14 15:12:45]   ⏳ 입력 스트림 연결 실패, 재시도 중... (1/10)
[2026-07-14 15:12:49]   ⏳ 입력 스트림 연결 실패, 재시도 중... (2/10)
[2026-07-14 15:12:50] 
[2026-07-14 15:12:50] [시그널] SIGINT(2) 수신
[2026-07-14 15:12:50] 
[2026-07-14 15:12:50] [종료 기록] signal SIGINT(2)
[2026-07-14 15:16:26] 📝 런타임 로그 파일: logs/drone_referee_runtime.log
[2026-07-14 15:16:26] 💡 터미널에서 Enter 키를 누르면 재위치 모드 ON/OFF 전환
[2026-07-14 15:16:26] 🔍 모델 로딩 중...
[2026-07-14 15:16:26] 🔍 모델 로딩 중: model/best_referee_FP16.engine
[2026-07-14 15:16:26] ✅ 모델 로딩 완료
[2026-07-14 15:16:26] ✅ 모델 로딩 완료
[2026-07-14 15:16:26] 
[2026-07-14 15:16:26] 📡 스트림 모드 입력: https://youtube.com/live/Au1Gow-ujNM?feature=share
[2026-07-14 15:16:26]    종료: Ctrl+C
[2026-07-14 15:16:26] 
[2026-07-14 15:16:26]   🔍 yt-dlp로 유튜브 스트림 URL 추출 중...
[2026-07-14 15:16:28] ❌ 유튜브 스트림 URL 추출 실패
[2026-07-14 15:16:28]    오류: python3 -m yt_dlp: WARNING: [youtube] No supported JavaScript runtime could be found. Only deno is enabled by default; to use another runtime add  --js-runtimes RUNTIME[:PATH]  to your command/config. YouTube extraction without a JS runtime has been deprecated, and some formats may be missing. See  https://github.com/yt-dlp/yt-dlp/wiki/EJS  for details on installing one
[2026-07-14 15:16:28] ERROR: [youtube] Au1Gow-ujNM: This live event will begin in a few moments.
[2026-07-14 15:16:28] 
[2026-07-14 15:16:28] [종료 기록] normal interpreter shutdown
[2026-07-14 15:18:36] 📝 런타임 로그 파일: logs/drone_referee_runtime.log
[2026-07-14 15:18:36] 💡 터미널에서 Enter 키를 누르면 재위치 모드 ON/OFF 전환
[2026-07-14 15:18:36] 🔍 모델 로딩 중...
[2026-07-14 15:18:36] 🔍 모델 로딩 중: model/best_referee_FP16.engine
[2026-07-14 15:18:36] ✅ 모델 로딩 완료
[2026-07-14 15:18:36] ✅ 모델 로딩 완료
[2026-07-14 15:18:36] 
[2026-07-14 15:18:36] 📡 스트림 모드 입력: https://www.youtube.com/watch?v=8arb_a5Z4KQ
[2026-07-14 15:18:36]    종료: Ctrl+C
[2026-07-14 15:18:36] 
[2026-07-14 15:18:36]   🔍 yt-dlp로 유튜브 스트림 URL 추출 중...
[2026-07-14 15:18:38]   ✅ 스트림 URL 추출 완료
[2026-07-14 15:18:38] 
[2026-07-14 15:18:39]   ⏳ 입력 스트림 연결 실패, 재시도 중... (1/10)
[2026-07-14 15:18:44]   ⏳ 입력 스트림 연결 실패, 재시도 중... (2/10)
[2026-07-14 15:18:45] 
[2026-07-14 15:18:45] [시그널] SIGINT(2) 수신
[2026-07-14 15:18:45] 
[2026-07-14 15:18:45] [종료 기록] signal SIGINT(2)
[2026-07-14 15:19:05] 📝 런타임 로그 파일: logs/drone_referee_runtime.log
[2026-07-14 15:19:05] 💡 터미널에서 Enter 키를 누르면 재위치 모드 ON/OFF 전환
[2026-07-14 15:19:05] 🔍 모델 로딩 중...
[2026-07-14 15:19:05] 🔍 모델 로딩 중: model/best_referee_FP16.engine
[2026-07-14 15:19:05] ✅ 모델 로딩 완료
[2026-07-14 15:19:05] ✅ 모델 로딩 완료
[2026-07-14 15:19:05] 
[2026-07-14 15:19:05] 📡 스트림 모드 입력: https://www.youtube.com/watch?v=8arb_a5Z4KQ
[2026-07-14 15:19:05]    종료: Ctrl+C
[2026-07-14 15:19:05] 
[2026-07-14 15:19:05]   🔍 yt-dlp로 유튜브 스트림 URL 추출 중...
[2026-07-14 15:19:07]   ✅ 스트림 URL 추출 완료
[2026-07-14 15:19:07] 
[2026-07-14 15:19:08]   ⏳ 입력 스트림 연결 실패, 재시도 중... (1/10)
[2026-07-14 15:19:13]   ⏳ 입력 스트림 연결 실패, 재시도 중... (2/10)
[2026-07-14 15:19:15] 
[2026-07-14 15:19:15] [시그널] SIGINT(2) 수신
[2026-07-14 15:19:15] 
[2026-07-14 15:19:15] [종료 기록] signal SIGINT(2)
